Reusing configuration cache.
> Task :app:preBuild UP-TO-DATE
> Task :app:preDebugBuild UP-TO-DATE
> Task :app:generateDebugAssets UP-TO-DATE
> Task :app:javaPreCompileDebug UP-TO-DATE
> Task :app:generateDebugBuildConfig UP-TO-DATE
> Task :app:generateDebugResources UP-TO-DATE
> Task :app:packageDebugResources UP-TO-DATE
> Task :app:desugarDebugFileDependencies UP-TO-DATE
> Task :app:mergeDebugAssets UP-TO-DATE
> Task :app:processDebugNavigationResources UP-TO-DATE
> Task :app:compressDebugAssets UP-TO-DATE
> Task :app:parseDebugLocalResources UP-TO-DATE
> Task :app:mapDebugSourceSetPaths UP-TO-DATE
> Task :app:compileDebugNavigationResources UP-TO-DATE
> Task :app:generateDebugRFile UP-TO-DATE
> Task :app:createDebugCompatibleScreenManifests UP-TO-DATE
> Task :app:extractDeepLinksDebug UP-TO-DATE
> Task :app:checkDebugAarMetadata UP-TO-DATE
> Task :app:checkDebugDuplicateClasses UP-TO-DATE
> Task :app:mergeDebugResources UP-TO-DATE
> Task :app:mergeLibDexDebug UP-TO-DATE
> Task :app:mergeDebugJniLibFolders UP-TO-DATE
> Task :app:processDebugMainManifest UP-TO-DATE
> Task :app:processDebugManifest UP-TO-DATE
> Task :app:processDebugManifestForPackage UP-TO-DATE
> Task :app:mergeExtDexDebug UP-TO-DATE
> Task :app:validateSigningDebug UP-TO-DATE
> Task :app:writeDebugAppMetadata UP-TO-DATE
> Task :app:mergeDebugNativeLibs UP-TO-DATE
> Task :app:writeDebugSigningConfigVersions UP-TO-DATE
> Task :app:stripDebugDebugSymbols UP-TO-DATE
> Task :app:processDebugResources UP-TO-DATE
> Task :app:kspDebugKotlin
> Task :app:compileDebugKotlin
w: file:///C:/Users/bhara/Downloads/Code/curio/app/src/main/java/com/example/data/local/AppDatabase.kt:89:48 'fun fallbackToDestructiveMigration(): RoomDatabase.Builder<AppDatabase>' is deprecated. Replace by overloaded version with parameter to indicate if all tables should be dropped or not.
w: file:///C:/Users/bhara/Downloads/Code/curio/app/src/main/java/com/example/data/remote/GithubApi.kt:11:5 This annotation is currently applied to the value parameter only, but in the future it will also be applied to property.
- To opt in to applying to both value parameter and property, add '-Xannotation-default-target=param-property' to your compiler arguments.
- To keep applying to the value parameter only, use the '@param:' annotation target.

See https://youtrack.jetbrains.com/issue/KT-73255 for more details.
w: file:///C:/Users/bhara/Downloads/Code/curio/app/src/main/java/com/example/data/remote/GithubApi.kt:16:5 This annotation is currently applied to the value parameter only, but in the future it will also be applied to property.
- To opt in to applying to both value parameter and property, add '-Xannotation-default-target=param-property' to your compiler arguments.
- To keep applying to the value parameter only, use the '@param:' annotation target.

See https://youtrack.jetbrains.com/issue/KT-73255 for more details.
w: file:///C:/Users/bhara/Downloads/Code/curio/app/src/main/java/com/example/data/remote/GithubApi.kt:17:5 This annotation is currently applied to the value parameter only, but in the future it will also be applied to property.
- To opt in to applying to both value parameter and property, add '-Xannotation-default-target=param-property' to your compiler arguments.
- To keep applying to the value parameter only, use the '@param:' annotation target.

See https://youtrack.jetbrains.com/issue/KT-73255 for more details.
w: file:///C:/Users/bhara/Downloads/Code/curio/app/src/main/java/com/example/data/remote/GithubApi.kt:18:5 This annotation is currently applied to the value parameter only, but in the future it will also be applied to property.
- To opt in to applying to both value parameter and property, add '-Xannotation-default-target=param-property' to your compiler arguments.
- To keep applying to the value parameter only, use the '@param:' annotation target.

See https://youtrack.jetbrains.com/issue/KT-73255 for more details.
w: file:///C:/Users/bhara/Downloads/Code/curio/app/src/main/java/com/example/data/remote/GithubApi.kt:19:5 This annotation is currently applied to the value parameter only, but in the future it will also be applied to property.
- To opt in to applying to both value parameter and property, add '-Xannotation-default-target=param-property' to your compiler arguments.
- To keep applying to the value parameter only, use the '@param:' annotation target.

See https://youtrack.jetbrains.com/issue/KT-73255 for more details.
w: file:///C:/Users/bhara/Downloads/Code/curio/app/src/main/java/com/example/data/remote/GithubApi.kt:20:5 This annotation is currently applied to the value parameter only, but in the future it will also be applied to property.
- To opt in to applying to both value parameter and property, add '-Xannotation-default-target=param-property' to your compiler arguments.
- To keep applying to the value parameter only, use the '@param:' annotation target.

See https://youtrack.jetbrains.com/issue/KT-73255 for more details.
w: file:///C:/Users/bhara/Downloads/Code/curio/app/src/main/java/com/example/data/remote/GithubApi.kt:21:5 This annotation is currently applied to the value parameter only, but in the future it will also be applied to property.
- To opt in to applying to both value parameter and property, add '-Xannotation-default-target=param-property' to your compiler arguments.
- To keep applying to the value parameter only, use the '@param:' annotation target.

See https://youtrack.jetbrains.com/issue/KT-73255 for more details.
w: file:///C:/Users/bhara/Downloads/Code/curio/app/src/main/java/com/example/data/remote/GithubApi.kt:22:5 This annotation is currently applied to the value parameter only, but in the future it will also be applied to property.
- To opt in to applying to both value parameter and property, add '-Xannotation-default-target=param-property' to your compiler arguments.
- To keep applying to the value parameter only, use the '@param:' annotation target.

See https://youtrack.jetbrains.com/issue/KT-73255 for more details.
w: file:///C:/Users/bhara/Downloads/Code/curio/app/src/main/java/com/example/data/remote/HuggingFaceApi.kt:10:5 This annotation is currently applied to the value parameter only, but in the future it will also be applied to property.
- To opt in to applying to both value parameter and property, add '-Xannotation-default-target=param-property' to your compiler arguments.
- To keep applying to the value parameter only, use the '@param:' annotation target.

See https://youtrack.jetbrains.com/issue/KT-73255 for more details.
w: file:///C:/Users/bhara/Downloads/Code/curio/app/src/main/java/com/example/data/remote/HuggingFaceApi.kt:11:5 This annotation is currently applied to the value parameter only, but in the future it will also be applied to property.
- To opt in to applying to both value parameter and property, add '-Xannotation-default-target=param-property' to your compiler arguments.
- To keep applying to the value parameter only, use the '@param:' annotation target.

See https://youtrack.jetbrains.com/issue/KT-73255 for more details.
w: file:///C:/Users/bhara/Downloads/Code/curio/app/src/main/java/com/example/data/remote/HuggingFaceApi.kt:12:5 This annotation is currently applied to the value parameter only, but in the future it will also be applied to property.
- To opt in to applying to both value parameter and property, add '-Xannotation-default-target=param-property' to your compiler arguments.
- To keep applying to the value parameter only, use the '@param:' annotation target.

See https://youtrack.jetbrains.com/issue/KT-73255 for more details.
w: file:///C:/Users/bhara/Downloads/Code/curio/app/src/main/java/com/example/data/remote/HuggingFaceApi.kt:13:5 This annotation is currently applied to the value parameter only, but in the future it will also be applied to property.
- To opt in to applying to both value parameter and property, add '-Xannotation-default-target=param-property' to your compiler arguments.
- To keep applying to the value parameter only, use the '@param:' annotation target.

See https://youtrack.jetbrains.com/issue/KT-73255 for more details.
w: file:///C:/Users/bhara/Downloads/Code/curio/app/src/main/java/com/example/data/remote/HuggingFaceApi.kt:14:5 This annotation is currently applied to the value parameter only, but in the future it will also be applied to property.
- To opt in to applying to both value parameter and property, add '-Xannotation-default-target=param-property' to your compiler arguments.
- To keep applying to the value parameter only, use the '@param:' annotation target.

See https://youtrack.jetbrains.com/issue/KT-73255 for more details.
w: file:///C:/Users/bhara/Downloads/Code/curio/app/src/main/java/com/example/data/remote/HuggingFaceApi.kt:15:5 This annotation is currently applied to the value parameter only, but in the future it will also be applied to property.
- To opt in to applying to both value parameter and property, add '-Xannotation-default-target=param-property' to your compiler arguments.
- To keep applying to the value parameter only, use the '@param:' annotation target.

See https://youtrack.jetbrains.com/issue/KT-73255 for more details.
w: file:///C:/Users/bhara/Downloads/Code/curio/app/src/main/java/com/example/data/remote/HuggingFaceApi.kt:16:5 This annotation is currently applied to the value parameter only, but in the future it will also be applied to property.
- To opt in to applying to both value parameter and property, add '-Xannotation-default-target=param-property' to your compiler arguments.
- To keep applying to the value parameter only, use the '@param:' annotation target.

See https://youtrack.jetbrains.com/issue/KT-73255 for more details.
w: file:///C:/Users/bhara/Downloads/Code/curio/app/src/main/java/com/example/data/remote/HuggingFaceApi.kt:17:5 This annotation is currently applied to the value parameter only, but in the future it will also be applied to property.
- To opt in to applying to both value parameter and property, add '-Xannotation-default-target=param-property' to your compiler arguments.
- To keep applying to the value parameter only, use the '@param:' annotation target.

See https://youtrack.jetbrains.com/issue/KT-73255 for more details.
w: file:///C:/Users/bhara/Downloads/Code/curio/app/src/main/java/com/example/data/remote/HuggingFaceApi.kt:22:5 This annotation is currently applied to the value parameter only, but in the future it will also be applied to property.
- To opt in to applying to both value parameter and property, add '-Xannotation-default-target=param-property' to your compiler arguments.
- To keep applying to the value parameter only, use the '@param:' annotation target.

See https://youtrack.jetbrains.com/issue/KT-73255 for more details.
w: file:///C:/Users/bhara/Downloads/Code/curio/app/src/main/java/com/example/data/remote/HuggingFaceApi.kt:23:5 This annotation is currently applied to the value parameter only, but in the future it will also be applied to property.
- To opt in to applying to both value parameter and property, add '-Xannotation-default-target=param-property' to your compiler arguments.
- To keep applying to the value parameter only, use the '@param:' annotation target.

See https://youtrack.jetbrains.com/issue/KT-73255 for more details.
w: file:///C:/Users/bhara/Downloads/Code/curio/app/src/main/java/com/example/data/remote/HuggingFaceApi.kt:24:5 This annotation is currently applied to the value parameter only, but in the future it will also be applied to property.
- To opt in to applying to both value parameter and property, add '-Xannotation-default-target=param-property' to your compiler arguments.
- To keep applying to the value parameter only, use the '@param:' annotation target.

See https://youtrack.jetbrains.com/issue/KT-73255 for more details.
w: file:///C:/Users/bhara/Downloads/Code/curio/app/src/main/java/com/example/data/remote/HuggingFaceApi.kt:25:5 This annotation is currently applied to the value parameter only, but in the future it will also be applied to property.
- To opt in to applying to both value parameter and property, add '-Xannotation-default-target=param-property' to your compiler arguments.
- To keep applying to the value parameter only, use the '@param:' annotation target.

See https://youtrack.jetbrains.com/issue/KT-73255 for more details.
w: file:///C:/Users/bhara/Downloads/Code/curio/app/src/main/java/com/example/data/remote/HuggingFaceApi.kt:26:5 This annotation is currently applied to the value parameter only, but in the future it will also be applied to property.
- To opt in to applying to both value parameter and property, add '-Xannotation-default-target=param-property' to your compiler arguments.
- To keep applying to the value parameter only, use the '@param:' annotation target.

See https://youtrack.jetbrains.com/issue/KT-73255 for more details.
w: file:///C:/Users/bhara/Downloads/Code/curio/app/src/main/java/com/example/data/remote/HuggingFaceApi.kt:27:5 This annotation is currently applied to the value parameter only, but in the future it will also be applied to property.
- To opt in to applying to both value parameter and property, add '-Xannotation-default-target=param-property' to your compiler arguments.
- To keep applying to the value parameter only, use the '@param:' annotation target.

See https://youtrack.jetbrains.com/issue/KT-73255 for more details.
w: file:///C:/Users/bhara/Downloads/Code/curio/app/src/main/java/com/example/data/remote/XAiApi.kt:15:5 This annotation is currently applied to the value parameter only, but in the future it will also be applied to property.
- To opt in to applying to both value parameter and property, add '-Xannotation-default-target=param-property' to your compiler arguments.
- To keep applying to the value parameter only, use the '@param:' annotation target.

See https://youtrack.jetbrains.com/issue/KT-73255 for more details.
w: file:///C:/Users/bhara/Downloads/Code/curio/app/src/main/java/com/example/data/remote/XAiApi.kt:16:5 This annotation is currently applied to the value parameter only, but in the future it will also be applied to property.
- To opt in to applying to both value parameter and property, add '-Xannotation-default-target=param-property' to your compiler arguments.
- To keep applying to the value parameter only, use the '@param:' annotation target.

See https://youtrack.jetbrains.com/issue/KT-73255 for more details.
w: file:///C:/Users/bhara/Downloads/Code/curio/app/src/main/java/com/example/data/remote/XAiApi.kt:18:5 This annotation is currently applied to the value parameter only, but in the future it will also be applied to property.
- To opt in to applying to both value parameter and property, add '-Xannotation-default-target=param-property' to your compiler arguments.
- To keep applying to the value parameter only, use the '@param:' annotation target.

See https://youtrack.jetbrains.com/issue/KT-73255 for more details.
w: file:///C:/Users/bhara/Downloads/Code/curio/app/src/main/java/com/example/data/remote/XAiApi.kt:20:5 This annotation is currently applied to the value parameter only, but in the future it will also be applied to property.
- To opt in to applying to both value parameter and property, add '-Xannotation-default-target=param-property' to your compiler arguments.
- To keep applying to the value parameter only, use the '@param:' annotation target.

See https://youtrack.jetbrains.com/issue/KT-73255 for more details.
w: file:///C:/Users/bhara/Downloads/Code/curio/app/src/main/java/com/example/data/remote/XAiApi.kt:21:5 This annotation is currently applied to the value parameter only, but in the future it will also be applied to property.
- To opt in to applying to both value parameter and property, add '-Xannotation-default-target=param-property' to your compiler arguments.
- To keep applying to the value parameter only, use the '@param:' annotation target.

See https://youtrack.jetbrains.com/issue/KT-73255 for more details.
w: file:///C:/Users/bhara/Downloads/Code/curio/app/src/main/java/com/example/data/remote/XAiApi.kt:23:5 This annotation is currently applied to the value parameter only, but in the future it will also be applied to property.
- To opt in to applying to both value parameter and property, add '-Xannotation-default-target=param-property' to your compiler arguments.
- To keep applying to the value parameter only, use the '@param:' annotation target.

See https://youtrack.jetbrains.com/issue/KT-73255 for more details.
w: file:///C:/Users/bhara/Downloads/Code/curio/app/src/main/java/com/example/data/remote/XAiApi.kt:30:5 This annotation is currently applied to the value parameter only, but in the future it will also be applied to property.
- To opt in to applying to both value parameter and property, add '-Xannotation-default-target=param-property' to your compiler arguments.
- To keep applying to the value parameter only, use the '@param:' annotation target.

See https://youtrack.jetbrains.com/issue/KT-73255 for more details.
w: file:///C:/Users/bhara/Downloads/Code/curio/app/src/main/java/com/example/data/remote/XAiApi.kt:31:5 This annotation is currently applied to the value parameter only, but in the future it will also be applied to property.
- To opt in to applying to both value parameter and property, add '-Xannotation-default-target=param-property' to your compiler arguments.
- To keep applying to the value parameter only, use the '@param:' annotation target.

See https://youtrack.jetbrains.com/issue/KT-73255 for more details.
w: file:///C:/Users/bhara/Downloads/Code/curio/app/src/main/java/com/example/data/remote/XAiApi.kt:36:5 This annotation is currently applied to the value parameter only, but in the future it will also be applied to property.
- To opt in to applying to both value parameter and property, add '-Xannotation-default-target=param-property' to your compiler arguments.
- To keep applying to the value parameter only, use the '@param:' annotation target.

See https://youtrack.jetbrains.com/issue/KT-73255 for more details.
w: file:///C:/Users/bhara/Downloads/Code/curio/app/src/main/java/com/example/data/remote/XAiApi.kt:37:5 This annotation is currently applied to the value parameter only, but in the future it will also be applied to property.
- To opt in to applying to both value parameter and property, add '-Xannotation-default-target=param-property' to your compiler arguments.
- To keep applying to the value parameter only, use the '@param:' annotation target.

See https://youtrack.jetbrains.com/issue/KT-73255 for more details.
w: file:///C:/Users/bhara/Downloads/Code/curio/app/src/main/java/com/example/data/remote/XAiApi.kt:38:5 This annotation is currently applied to the value parameter only, but in the future it will also be applied to property.
- To opt in to applying to both value parameter and property, add '-Xannotation-default-target=param-property' to your compiler arguments.
- To keep applying to the value parameter only, use the '@param:' annotation target.

See https://youtrack.jetbrains.com/issue/KT-73255 for more details.
w: file:///C:/Users/bhara/Downloads/Code/curio/app/src/main/java/com/example/data/remote/XAiApi.kt:49:5 This annotation is currently applied to the value parameter only, but in the future it will also be applied to property.
- To opt in to applying to both value parameter and property, add '-Xannotation-default-target=param-property' to your compiler arguments.
- To keep applying to the value parameter only, use the '@param:' annotation target.

See https://youtrack.jetbrains.com/issue/KT-73255 for more details.
w: file:///C:/Users/bhara/Downloads/Code/curio/app/src/main/java/com/example/data/remote/XAiApi.kt:50:5 This annotation is currently applied to the value parameter only, but in the future it will also be applied to property.
- To opt in to applying to both value parameter and property, add '-Xannotation-default-target=param-property' to your compiler arguments.
- To keep applying to the value parameter only, use the '@param:' annotation target.

See https://youtrack.jetbrains.com/issue/KT-73255 for more details.
w: file:///C:/Users/bhara/Downloads/Code/curio/app/src/main/java/com/example/data/remote/XAiApi.kt:55:5 This annotation is currently applied to the value parameter only, but in the future it will also be applied to property.
- To opt in to applying to both value parameter and property, add '-Xannotation-default-target=param-property' to your compiler arguments.
- To keep applying to the value parameter only, use the '@param:' annotation target.

See https://youtrack.jetbrains.com/issue/KT-73255 for more details.
w: file:///C:/Users/bhara/Downloads/Code/curio/app/src/main/java/com/example/data/remote/XAiApi.kt:56:5 This annotation is currently applied to the value parameter only, but in the future it will also be applied to property.
- To opt in to applying to both value parameter and property, add '-Xannotation-default-target=param-property' to your compiler arguments.
- To keep applying to the value parameter only, use the '@param:' annotation target.

See https://youtrack.jetbrains.com/issue/KT-73255 for more details.
w: file:///C:/Users/bhara/Downloads/Code/curio/app/src/main/java/com/example/data/remote/XAiApi.kt:57:5 This annotation is currently applied to the value parameter only, but in the future it will also be applied to property.
- To opt in to applying to both value parameter and property, add '-Xannotation-default-target=param-property' to your compiler arguments.
- To keep applying to the value parameter only, use the '@param:' annotation target.

See https://youtrack.jetbrains.com/issue/KT-73255 for more details.
w: file:///C:/Users/bhara/Downloads/Code/curio/app/src/main/java/com/example/data/remote/XAiApi.kt:58:5 This annotation is currently applied to the value parameter only, but in the future it will also be applied to property.
- To opt in to applying to both value parameter and property, add '-Xannotation-default-target=param-property' to your compiler arguments.
- To keep applying to the value parameter only, use the '@param:' annotation target.

See https://youtrack.jetbrains.com/issue/KT-73255 for more details.
w: file:///C:/Users/bhara/Downloads/Code/curio/app/src/main/java/com/example/data/remote/XAiApi.kt:59:5 This annotation is currently applied to the value parameter only, but in the future it will also be applied to property.
- To opt in to applying to both value parameter and property, add '-Xannotation-default-target=param-property' to your compiler arguments.
- To keep applying to the value parameter only, use the '@param:' annotation target.

See https://youtrack.jetbrains.com/issue/KT-73255 for more details.
w: file:///C:/Users/bhara/Downloads/Code/curio/app/src/main/java/com/example/data/remote/XAiApi.kt:68:5 This annotation is currently applied to the value parameter only, but in the future it will also be applied to property.
- To opt in to applying to both value parameter and property, add '-Xannotation-default-target=param-property' to your compiler arguments.
- To keep applying to the value parameter only, use the '@param:' annotation target.

See https://youtrack.jetbrains.com/issue/KT-73255 for more details.
w: file:///C:/Users/bhara/Downloads/Code/curio/app/src/main/java/com/example/data/remote/XAiApi.kt:69:5 This annotation is currently applied to the value parameter only, but in the future it will also be applied to property.
- To opt in to applying to both value parameter and property, add '-Xannotation-default-target=param-property' to your compiler arguments.
- To keep applying to the value parameter only, use the '@param:' annotation target.

See https://youtrack.jetbrains.com/issue/KT-73255 for more details.
w: file:///C:/Users/bhara/Downloads/Code/curio/app/src/main/java/com/example/data/remote/XAiApi.kt:70:5 This annotation is currently applied to the value parameter only, but in the future it will also be applied to property.
- To opt in to applying to both value parameter and property, add '-Xannotation-default-target=param-property' to your compiler arguments.
- To keep applying to the value parameter only, use the '@param:' annotation target.

See https://youtrack.jetbrains.com/issue/KT-73255 for more details.
w: file:///C:/Users/bhara/Downloads/Code/curio/app/src/main/java/com/example/data/remote/XAiApi.kt:75:5 This annotation is currently applied to the value parameter only, but in the future it will also be applied to property.
- To opt in to applying to both value parameter and property, add '-Xannotation-default-target=param-property' to your compiler arguments.
- To keep applying to the value parameter only, use the '@param:' annotation target.

See https://youtrack.jetbrains.com/issue/KT-73255 for more details.
w: file:///C:/Users/bhara/Downloads/Code/curio/app/src/main/java/com/example/data/remote/XAiApi.kt:76:5 This annotation is currently applied to the value parameter only, but in the future it will also be applied to property.
- To opt in to applying to both value parameter and property, add '-Xannotation-default-target=param-property' to your compiler arguments.
- To keep applying to the value parameter only, use the '@param:' annotation target.

See https://youtrack.jetbrains.com/issue/KT-73255 for more details.
w: file:///C:/Users/bhara/Downloads/Code/curio/app/src/main/java/com/example/data/remote/XAiApi.kt:91:5 This annotation is currently applied to the value parameter only, but in the future it will also be applied to property.
- To opt in to applying to both value parameter and property, add '-Xannotation-default-target=param-property' to your compiler arguments.
- To keep applying to the value parameter only, use the '@param:' annotation target.

See https://youtrack.jetbrains.com/issue/KT-73255 for more details.
w: file:///C:/Users/bhara/Downloads/Code/curio/app/src/main/java/com/example/data/remote/XAiApi.kt:92:5 This annotation is currently applied to the value parameter only, but in the future it will also be applied to property.
- To opt in to applying to both value parameter and property, add '-Xannotation-default-target=param-property' to your compiler arguments.
- To keep applying to the value parameter only, use the '@param:' annotation target.

See https://youtrack.jetbrains.com/issue/KT-73255 for more details.
w: file:///C:/Users/bhara/Downloads/Code/curio/app/src/main/java/com/example/data/remote/XAiApi.kt:93:5 This annotation is currently applied to the value parameter only, but in the future it will also be applied to property.
- To opt in to applying to both value parameter and property, add '-Xannotation-default-target=param-property' to your compiler arguments.
- To keep applying to the value parameter only, use the '@param:' annotation target.

See https://youtrack.jetbrains.com/issue/KT-73255 for more details.
w: file:///C:/Users/bhara/Downloads/Code/curio/app/src/main/java/com/example/data/remote/XAiApi.kt:103:5 This annotation is currently applied to the value parameter only, but in the future it will also be applied to property.
- To opt in to applying to both value parameter and property, add '-Xannotation-default-target=param-property' to your compiler arguments.
- To keep applying to the value parameter only, use the '@param:' annotation target.

See https://youtrack.jetbrains.com/issue/KT-73255 for more details.
w: file:///C:/Users/bhara/Downloads/Code/curio/app/src/main/java/com/example/data/remote/XAiApi.kt:104:5 This annotation is currently applied to the value parameter only, but in the future it will also be applied to property.
- To opt in to applying to both value parameter and property, add '-Xannotation-default-target=param-property' to your compiler arguments.
- To keep applying to the value parameter only, use the '@param:' annotation target.

See https://youtrack.jetbrains.com/issue/KT-73255 for more details.
w: file:///C:/Users/bhara/Downloads/Code/curio/app/src/main/java/com/example/data/remote/XAiApi.kt:106:5 This annotation is currently applied to the value parameter only, but in the future it will also be applied to property.
- To opt in to applying to both value parameter and property, add '-Xannotation-default-target=param-property' to your compiler arguments.
- To keep applying to the value parameter only, use the '@param:' annotation target.

See https://youtrack.jetbrains.com/issue/KT-73255 for more details.
w: file:///C:/Users/bhara/Downloads/Code/curio/app/src/main/java/com/example/data/remote/XAiApi.kt:107:5 This annotation is currently applied to the value parameter only, but in the future it will also be applied to property.
- To opt in to applying to both value parameter and property, add '-Xannotation-default-target=param-property' to your compiler arguments.
- To keep applying to the value parameter only, use the '@param:' annotation target.

See https://youtrack.jetbrains.com/issue/KT-73255 for more details.
w: file:///C:/Users/bhara/Downloads/Code/curio/app/src/main/java/com/example/data/remote/XAiApi.kt:108:5 This annotation is currently applied to the value parameter only, but in the future it will also be applied to property.
- To opt in to applying to both value parameter and property, add '-Xannotation-default-target=param-property' to your compiler arguments.
- To keep applying to the value parameter only, use the '@param:' annotation target.

See https://youtrack.jetbrains.com/issue/KT-73255 for more details.
w: file:///C:/Users/bhara/Downloads/Code/curio/app/src/main/java/com/example/data/remote/XAiApi.kt:109:5 This annotation is currently applied to the value parameter only, but in the future it will also be applied to property.
- To opt in to applying to both value parameter and property, add '-Xannotation-default-target=param-property' to your compiler arguments.
- To keep applying to the value parameter only, use the '@param:' annotation target.

See https://youtrack.jetbrains.com/issue/KT-73255 for more details.
w: file:///C:/Users/bhara/Downloads/Code/curio/app/src/main/java/com/example/data/remote/XAiApi.kt:111:5 This annotation is currently applied to the value parameter only, but in the future it will also be applied to property.
- To opt in to applying to both value parameter and property, add '-Xannotation-default-target=param-property' to your compiler arguments.
- To keep applying to the value parameter only, use the '@param:' annotation target.

See https://youtrack.jetbrains.com/issue/KT-73255 for more details.
w: file:///C:/Users/bhara/Downloads/Code/curio/app/src/main/java/com/example/data/remote/XAiApi.kt:112:5 This annotation is currently applied to the value parameter only, but in the future it will also be applied to property.
- To opt in to applying to both value parameter and property, add '-Xannotation-default-target=param-property' to your compiler arguments.
- To keep applying to the value parameter only, use the '@param:' annotation target.

See https://youtrack.jetbrains.com/issue/KT-73255 for more details.
w: file:///C:/Users/bhara/Downloads/Code/curio/app/src/main/java/com/example/data/remote/XAiApi.kt:135:5 This annotation is currently applied to the value parameter only, but in the future it will also be applied to property.
- To opt in to applying to both value parameter and property, add '-Xannotation-default-target=param-property' to your compiler arguments.
- To keep applying to the value parameter only, use the '@param:' annotation target.

See https://youtrack.jetbrains.com/issue/KT-73255 for more details.
w: file:///C:/Users/bhara/Downloads/Code/curio/app/src/main/java/com/example/data/remote/XAiApi.kt:137:5 This annotation is currently applied to the value parameter only, but in the future it will also be applied to property.
- To opt in to applying to both value parameter and property, add '-Xannotation-default-target=param-property' to your compiler arguments.
- To keep applying to the value parameter only, use the '@param:' annotation target.

See https://youtrack.jetbrains.com/issue/KT-73255 for more details.
w: file:///C:/Users/bhara/Downloads/Code/curio/app/src/main/java/com/example/data/remote/XAiApi.kt:142:5 This annotation is currently applied to the value parameter only, but in the future it will also be applied to property.
- To opt in to applying to both value parameter and property, add '-Xannotation-default-target=param-property' to your compiler arguments.
- To keep applying to the value parameter only, use the '@param:' annotation target.

See https://youtrack.jetbrains.com/issue/KT-73255 for more details.
w: file:///C:/Users/bhara/Downloads/Code/curio/app/src/main/java/com/example/data/remote/XAiApi.kt:143:5 This annotation is currently applied to the value parameter only, but in the future it will also be applied to property.
- To opt in to applying to both value parameter and property, add '-Xannotation-default-target=param-property' to your compiler arguments.
- To keep applying to the value parameter only, use the '@param:' annotation target.

See https://youtrack.jetbrains.com/issue/KT-73255 for more details.
w: file:///C:/Users/bhara/Downloads/Code/curio/app/src/main/java/com/example/data/remote/XAiApi.kt:144:5 This annotation is currently applied to the value parameter only, but in the future it will also be applied to property.
- To opt in to applying to both value parameter and property, add '-Xannotation-default-target=param-property' to your compiler arguments.
- To keep applying to the value parameter only, use the '@param:' annotation target.

See https://youtrack.jetbrains.com/issue/KT-73255 for more details.
w: file:///C:/Users/bhara/Downloads/Code/curio/app/src/main/java/com/example/data/remote/XAiApi.kt:157:5 This annotation is currently applied to the value parameter only, but in the future it will also be applied to property.
- To opt in to applying to both value parameter and property, add '-Xannotation-default-target=param-property' to your compiler arguments.
- To keep applying to the value parameter only, use the '@param:' annotation target.

See https://youtrack.jetbrains.com/issue/KT-73255 for more details.
w: file:///C:/Users/bhara/Downloads/Code/curio/app/src/main/java/com/example/data/remote/XAiApi.kt:158:5 This annotation is currently applied to the value parameter only, but in the future it will also be applied to property.
- To opt in to applying to both value parameter and property, add '-Xannotation-default-target=param-property' to your compiler arguments.
- To keep applying to the value parameter only, use the '@param:' annotation target.

See https://youtrack.jetbrains.com/issue/KT-73255 for more details.
w: file:///C:/Users/bhara/Downloads/Code/curio/app/src/main/java/com/example/data/remote/XAiApi.kt:159:5 This annotation is currently applied to the value parameter only, but in the future it will also be applied to property.
- To opt in to applying to both value parameter and property, add '-Xannotation-default-target=param-property' to your compiler arguments.
- To keep applying to the value parameter only, use the '@param:' annotation target.

See https://youtrack.jetbrains.com/issue/KT-73255 for more details.
w: file:///C:/Users/bhara/Downloads/Code/curio/app/src/main/java/com/example/data/remote/XAiApi.kt:160:5 This annotation is currently applied to the value parameter only, but in the future it will also be applied to property.
- To opt in to applying to both value parameter and property, add '-Xannotation-default-target=param-property' to your compiler arguments.
- To keep applying to the value parameter only, use the '@param:' annotation target.

See https://youtrack.jetbrains.com/issue/KT-73255 for more details.
w: file:///C:/Users/bhara/Downloads/Code/curio/app/src/main/java/com/example/data/remote/XAiApi.kt:161:5 This annotation is currently applied to the value parameter only, but in the future it will also be applied to property.
- To opt in to applying to both value parameter and property, add '-Xannotation-default-target=param-property' to your compiler arguments.
- To keep applying to the value parameter only, use the '@param:' annotation target.

See https://youtrack.jetbrains.com/issue/KT-73255 for more details.
w: file:///C:/Users/bhara/Downloads/Code/curio/app/src/main/java/com/example/data/remote/XAiApi.kt:162:5 This annotation is currently applied to the value parameter only, but in the future it will also be applied to property.
- To opt in to applying to both value parameter and property, add '-Xannotation-default-target=param-property' to your compiler arguments.
- To keep applying to the value parameter only, use the '@param:' annotation target.

See https://youtrack.jetbrains.com/issue/KT-73255 for more details.
w: file:///C:/Users/bhara/Downloads/Code/curio/app/src/main/java/com/example/data/remote/XAiApi.kt:163:5 This annotation is currently applied to the value parameter only, but in the future it will also be applied to property.
- To opt in to applying to both value parameter and property, add '-Xannotation-default-target=param-property' to your compiler arguments.
- To keep applying to the value parameter only, use the '@param:' annotation target.

See https://youtrack.jetbrains.com/issue/KT-73255 for more details.
w: file:///C:/Users/bhara/Downloads/Code/curio/app/src/main/java/com/example/data/remote/XAiApi.kt:164:5 This annotation is currently applied to the value parameter only, but in the future it will also be applied to property.
- To opt in to applying to both value parameter and property, add '-Xannotation-default-target=param-property' to your compiler arguments.
- To keep applying to the value parameter only, use the '@param:' annotation target.

See https://youtrack.jetbrains.com/issue/KT-73255 for more details.
w: file:///C:/Users/bhara/Downloads/Code/curio/app/src/main/java/com/example/data/remote/XAiApi.kt:165:5 This annotation is currently applied to the value parameter only, but in the future it will also be applied to property.
- To opt in to applying to both value parameter and property, add '-Xannotation-default-target=param-property' to your compiler arguments.
- To keep applying to the value parameter only, use the '@param:' annotation target.

See https://youtrack.jetbrains.com/issue/KT-73255 for more details.
w: file:///C:/Users/bhara/Downloads/Code/curio/app/src/main/java/com/example/data/remote/XAiApi.kt:166:5 This annotation is currently applied to the value parameter only, but in the future it will also be applied to property.
- To opt in to applying to both value parameter and property, add '-Xannotation-default-target=param-property' to your compiler arguments.
- To keep applying to the value parameter only, use the '@param:' annotation target.

See https://youtrack.jetbrains.com/issue/KT-73255 for more details.
w: file:///C:/Users/bhara/Downloads/Code/curio/app/src/main/java/com/example/data/remote/XAiApi.kt:193:5 This annotation is currently applied to the value parameter only, but in the future it will also be applied to property.
- To opt in to applying to both value parameter and property, add '-Xannotation-default-target=param-property' to your compiler arguments.
- To keep applying to the value parameter only, use the '@param:' annotation target.

See https://youtrack.jetbrains.com/issue/KT-73255 for more details.
w: file:///C:/Users/bhara/Downloads/Code/curio/app/src/main/java/com/example/data/remote/XAiApi.kt:194:5 This annotation is currently applied to the value parameter only, but in the future it will also be applied to property.
- To opt in to applying to both value parameter and property, add '-Xannotation-default-target=param-property' to your compiler arguments.
- To keep applying to the value parameter only, use the '@param:' annotation target.

See https://youtrack.jetbrains.com/issue/KT-73255 for more details.
w: file:///C:/Users/bhara/Downloads/Code/curio/app/src/main/java/com/example/data/remote/XAiApi.kt:195:5 This annotation is currently applied to the value parameter only, but in the future it will also be applied to property.
- To opt in to applying to both value parameter and property, add '-Xannotation-default-target=param-property' to your compiler arguments.
- To keep applying to the value parameter only, use the '@param:' annotation target.

See https://youtrack.jetbrains.com/issue/KT-73255 for more details.
w: file:///C:/Users/bhara/Downloads/Code/curio/app/src/main/java/com/example/data/remote/XAiApi.kt:196:5 This annotation is currently applied to the value parameter only, but in the future it will also be applied to property.
- To opt in to applying to both value parameter and property, add '-Xannotation-default-target=param-property' to your compiler arguments.
- To keep applying to the value parameter only, use the '@param:' annotation target.

See https://youtrack.jetbrains.com/issue/KT-73255 for more details.
w: file:///C:/Users/bhara/Downloads/Code/curio/app/src/main/java/com/example/data/remote/XAiApi.kt:197:5 This annotation is currently applied to the value parameter only, but in the future it will also be applied to property.
- To opt in to applying to both value parameter and property, add '-Xannotation-default-target=param-property' to your compiler arguments.
- To keep applying to the value parameter only, use the '@param:' annotation target.

See https://youtrack.jetbrains.com/issue/KT-73255 for more details.
w: file:///C:/Users/bhara/Downloads/Code/curio/app/src/main/java/com/example/data/remote/XAiApi.kt:198:5 This annotation is currently applied to the value parameter only, but in the future it will also be applied to property.
- To opt in to applying to both value parameter and property, add '-Xannotation-default-target=param-property' to your compiler arguments.
- To keep applying to the value parameter only, use the '@param:' annotation target.

See https://youtrack.jetbrains.com/issue/KT-73255 for more details.
w: file:///C:/Users/bhara/Downloads/Code/curio/app/src/main/java/com/example/data/remote/XAiApi.kt:207:5 This annotation is currently applied to the value parameter only, but in the future it will also be applied to property.
- To opt in to applying to both value parameter and property, add '-Xannotation-default-target=param-property' to your compiler arguments.
- To keep applying to the value parameter only, use the '@param:' annotation target.

See https://youtrack.jetbrains.com/issue/KT-73255 for more details.
w: file:///C:/Users/bhara/Downloads/Code/curio/app/src/main/java/com/example/data/remote/XAiApi.kt:208:5 This annotation is currently applied to the value parameter only, but in the future it will also be applied to property.
- To opt in to applying to both value parameter and property, add '-Xannotation-default-target=param-property' to your compiler arguments.
- To keep applying to the value parameter only, use the '@param:' annotation target.

See https://youtrack.jetbrains.com/issue/KT-73255 for more details.
w: file:///C:/Users/bhara/Downloads/Code/curio/app/src/main/java/com/example/data/remote/XAiApi.kt:209:5 This annotation is currently applied to the value parameter only, but in the future it will also be applied to property.
- To opt in to applying to both value parameter and property, add '-Xannotation-default-target=param-property' to your compiler arguments.
- To keep applying to the value parameter only, use the '@param:' annotation target.

See https://youtrack.jetbrains.com/issue/KT-73255 for more details.
w: file:///C:/Users/bhara/Downloads/Code/curio/app/src/main/java/com/example/data/remote/XAiApi.kt:210:5 This annotation is currently applied to the value parameter only, but in the future it will also be applied to property.
- To opt in to applying to both value parameter and property, add '-Xannotation-default-target=param-property' to your compiler arguments.
- To keep applying to the value parameter only, use the '@param:' annotation target.

See https://youtrack.jetbrains.com/issue/KT-73255 for more details.
w: file:///C:/Users/bhara/Downloads/Code/curio/app/src/main/java/com/example/data/remote/XAiApi.kt:211:5 This annotation is currently applied to the value parameter only, but in the future it will also be applied to property.
- To opt in to applying to both value parameter and property, add '-Xannotation-default-target=param-property' to your compiler arguments.
- To keep applying to the value parameter only, use the '@param:' annotation target.

See https://youtrack.jetbrains.com/issue/KT-73255 for more details.
w: file:///C:/Users/bhara/Downloads/Code/curio/app/src/main/java/com/example/data/remote/XAiApi.kt:212:5 This annotation is currently applied to the value parameter only, but in the future it will also be applied to property.
- To opt in to applying to both value parameter and property, add '-Xannotation-default-target=param-property' to your compiler arguments.
- To keep applying to the value parameter only, use the '@param:' annotation target.

See https://youtrack.jetbrains.com/issue/KT-73255 for more details.
w: file:///C:/Users/bhara/Downloads/Code/curio/app/src/main/java/com/example/data/remote/XAiApi.kt:213:5 This annotation is currently applied to the value parameter only, but in the future it will also be applied to property.
- To opt in to applying to both value parameter and property, add '-Xannotation-default-target=param-property' to your compiler arguments.
- To keep applying to the value parameter only, use the '@param:' annotation target.

See https://youtrack.jetbrains.com/issue/KT-73255 for more details.
w: file:///C:/Users/bhara/Downloads/Code/curio/app/src/main/java/com/example/data/remote/XAiApi.kt:214:5 This annotation is currently applied to the value parameter only, but in the future it will also be applied to property.
- To opt in to applying to both value parameter and property, add '-Xannotation-default-target=param-property' to your compiler arguments.
- To keep applying to the value parameter only, use the '@param:' annotation target.

See https://youtrack.jetbrains.com/issue/KT-73255 for more details.
w: file:///C:/Users/bhara/Downloads/Code/curio/app/src/main/java/com/example/data/remote/XAiApi.kt:215:5 This annotation is currently applied to the value parameter only, but in the future it will also be applied to property.
- To opt in to applying to both value parameter and property, add '-Xannotation-default-target=param-property' to your compiler arguments.
- To keep applying to the value parameter only, use the '@param:' annotation target.

See https://youtrack.jetbrains.com/issue/KT-73255 for more details.
w: file:///C:/Users/bhara/Downloads/Code/curio/app/src/main/java/com/example/data/remote/XAiApi.kt:216:5 This annotation is currently applied to the value parameter only, but in the future it will also be applied to property.
- To opt in to applying to both value parameter and property, add '-Xannotation-default-target=param-property' to your compiler arguments.
- To keep applying to the value parameter only, use the '@param:' annotation target.

See https://youtrack.jetbrains.com/issue/KT-73255 for more details.
w: file:///C:/Users/bhara/Downloads/Code/curio/app/src/main/java/com/example/data/remote/XAiApi.kt:217:5 This annotation is currently applied to the value parameter only, but in the future it will also be applied to property.
- To opt in to applying to both value parameter and property, add '-Xannotation-default-target=param-property' to your compiler arguments.
- To keep applying to the value parameter only, use the '@param:' annotation target.

See https://youtrack.jetbrains.com/issue/KT-73255 for more details.
w: file:///C:/Users/bhara/Downloads/Code/curio/app/src/main/java/com/example/data/remote/XAiApi.kt:226:5 This annotation is currently applied to the value parameter only, but in the future it will also be applied to property.
- To opt in to applying to both value parameter and property, add '-Xannotation-default-target=param-property' to your compiler arguments.
- To keep applying to the value parameter only, use the '@param:' annotation target.

See https://youtrack.jetbrains.com/issue/KT-73255 for more details.
w: file:///C:/Users/bhara/Downloads/Code/curio/app/src/main/java/com/example/data/remote/XAiApi.kt:227:5 This annotation is currently applied to the value parameter only, but in the future it will also be applied to property.
- To opt in to applying to both value parameter and property, add '-Xannotation-default-target=param-property' to your compiler arguments.
- To keep applying to the value parameter only, use the '@param:' annotation target.

See https://youtrack.jetbrains.com/issue/KT-73255 for more details.
w: file:///C:/Users/bhara/Downloads/Code/curio/app/src/main/java/com/example/data/remote/XAiApi.kt:228:5 This annotation is currently applied to the value parameter only, but in the future it will also be applied to property.
- To opt in to applying to both value parameter and property, add '-Xannotation-default-target=param-property' to your compiler arguments.
- To keep applying to the value parameter only, use the '@param:' annotation target.

See https://youtrack.jetbrains.com/issue/KT-73255 for more details.
w: file:///C:/Users/bhara/Downloads/Code/curio/app/src/main/java/com/example/data/remote/XAiApi.kt:229:5 This annotation is currently applied to the value parameter only, but in the future it will also be applied to property.
- To opt in to applying to both value parameter and property, add '-Xannotation-default-target=param-property' to your compiler arguments.
- To keep applying to the value parameter only, use the '@param:' annotation target.

See https://youtrack.jetbrains.com/issue/KT-73255 for more details.
w: file:///C:/Users/bhara/Downloads/Code/curio/app/src/main/java/com/example/data/remote/XAiApi.kt:234:5 This annotation is currently applied to the value parameter only, but in the future it will also be applied to property.
- To opt in to applying to both value parameter and property, add '-Xannotation-default-target=param-property' to your compiler arguments.
- To keep applying to the value parameter only, use the '@param:' annotation target.

See https://youtrack.jetbrains.com/issue/KT-73255 for more details.
w: file:///C:/Users/bhara/Downloads/Code/curio/app/src/main/java/com/example/data/remote/XAiApi.kt:235:5 This annotation is currently applied to the value parameter only, but in the future it will also be applied to property.
- To opt in to applying to both value parameter and property, add '-Xannotation-default-target=param-property' to your compiler arguments.
- To keep applying to the value parameter only, use the '@param:' annotation target.

See https://youtrack.jetbrains.com/issue/KT-73255 for more details.
w: file:///C:/Users/bhara/Downloads/Code/curio/app/src/main/java/com/example/data/remote/XAiApi.kt:236:5 This annotation is currently applied to the value parameter only, but in the future it will also be applied to property.
- To opt in to applying to both value parameter and property, add '-Xannotation-default-target=param-property' to your compiler arguments.
- To keep applying to the value parameter only, use the '@param:' annotation target.

See https://youtrack.jetbrains.com/issue/KT-73255 for more details.
w: file:///C:/Users/bhara/Downloads/Code/curio/app/src/main/java/com/example/data/remote/XAiApi.kt:241:5 This annotation is currently applied to the value parameter only, but in the future it will also be applied to property.
- To opt in to applying to both value parameter and property, add '-Xannotation-default-target=param-property' to your compiler arguments.
- To keep applying to the value parameter only, use the '@param:' annotation target.

See https://youtrack.jetbrains.com/issue/KT-73255 for more details.
w: file:///C:/Users/bhara/Downloads/Code/curio/app/src/main/java/com/example/data/remote/XAiApi.kt:242:5 This annotation is currently applied to the value parameter only, but in the future it will also be applied to property.
- To opt in to applying to both value parameter and property, add '-Xannotation-default-target=param-property' to your compiler arguments.
- To keep applying to the value parameter only, use the '@param:' annotation target.

See https://youtrack.jetbrains.com/issue/KT-73255 for more details.
w: file:///C:/Users/bhara/Downloads/Code/curio/app/src/main/java/com/example/data/remote/XAiApi.kt:243:5 This annotation is currently applied to the value parameter only, but in the future it will also be applied to property.
- To opt in to applying to both value parameter and property, add '-Xannotation-default-target=param-property' to your compiler arguments.
- To keep applying to the value parameter only, use the '@param:' annotation target.

See https://youtrack.jetbrains.com/issue/KT-73255 for more details.
w: file:///C:/Users/bhara/Downloads/Code/curio/app/src/main/java/com/example/data/remote/XAiApi.kt:244:5 This annotation is currently applied to the value parameter only, but in the future it will also be applied to property.
- To opt in to applying to both value parameter and property, add '-Xannotation-default-target=param-property' to your compiler arguments.
- To keep applying to the value parameter only, use the '@param:' annotation target.

See https://youtrack.jetbrains.com/issue/KT-73255 for more details.
w: file:///C:/Users/bhara/Downloads/Code/curio/app/src/main/java/com/example/data/remote/XAiApi.kt:245:5 This annotation is currently applied to the value parameter only, but in the future it will also be applied to property.
- To opt in to applying to both value parameter and property, add '-Xannotation-default-target=param-property' to your compiler arguments.
- To keep applying to the value parameter only, use the '@param:' annotation target.

See https://youtrack.jetbrains.com/issue/KT-73255 for more details.
w: file:///C:/Users/bhara/Downloads/Code/curio/app/src/main/java/com/example/data/remote/XAiApi.kt:246:5 This annotation is currently applied to the value parameter only, but in the future it will also be applied to property.
- To opt in to applying to both value parameter and property, add '-Xannotation-default-target=param-property' to your compiler arguments.
- To keep applying to the value parameter only, use the '@param:' annotation target.

See https://youtrack.jetbrains.com/issue/KT-73255 for more details.
w: file:///C:/Users/bhara/Downloads/Code/curio/app/src/main/java/com/example/data/remote/XAiApi.kt:251:5 This annotation is currently applied to the value parameter only, but in the future it will also be applied to property.
- To opt in to applying to both value parameter and property, add '-Xannotation-default-target=param-property' to your compiler arguments.
- To keep applying to the value parameter only, use the '@param:' annotation target.

See https://youtrack.jetbrains.com/issue/KT-73255 for more details.
w: file:///C:/Users/bhara/Downloads/Code/curio/app/src/main/java/com/example/data/remote/XAiApi.kt:252:5 This annotation is currently applied to the value parameter only, but in the future it will also be applied to property.
- To opt in to applying to both value parameter and property, add '-Xannotation-default-target=param-property' to your compiler arguments.
- To keep applying to the value parameter only, use the '@param:' annotation target.

See https://youtrack.jetbrains.com/issue/KT-73255 for more details.
w: file:///C:/Users/bhara/Downloads/Code/curio/app/src/main/java/com/example/data/remote/XAiApi.kt:253:5 This annotation is currently applied to the value parameter only, but in the future it will also be applied to property.
- To opt in to applying to both value parameter and property, add '-Xannotation-default-target=param-property' to your compiler arguments.
- To keep applying to the value parameter only, use the '@param:' annotation target.

See https://youtrack.jetbrains.com/issue/KT-73255 for more details.
w: file:///C:/Users/bhara/Downloads/Code/curio/app/src/main/java/com/example/data/remote/XAiApi.kt:258:5 This annotation is currently applied to the value parameter only, but in the future it will also be applied to property.
- To opt in to applying to both value parameter and property, add '-Xannotation-default-target=param-property' to your compiler arguments.
- To keep applying to the value parameter only, use the '@param:' annotation target.

See https://youtrack.jetbrains.com/issue/KT-73255 for more details.
w: file:///C:/Users/bhara/Downloads/Code/curio/app/src/main/java/com/example/data/remote/XAiApi.kt:259:5 This annotation is currently applied to the value parameter only, but in the future it will also be applied to property.
- To opt in to applying to both value parameter and property, add '-Xannotation-default-target=param-property' to your compiler arguments.
- To keep applying to the value parameter only, use the '@param:' annotation target.

See https://youtrack.jetbrains.com/issue/KT-73255 for more details.
w: file:///C:/Users/bhara/Downloads/Code/curio/app/src/main/java/com/example/data/remote/XAiApi.kt:260:5 This annotation is currently applied to the value parameter only, but in the future it will also be applied to property.
- To opt in to applying to both value parameter and property, add '-Xannotation-default-target=param-property' to your compiler arguments.
- To keep applying to the value parameter only, use the '@param:' annotation target.

See https://youtrack.jetbrains.com/issue/KT-73255 for more details.
w: file:///C:/Users/bhara/Downloads/Code/curio/app/src/main/java/com/example/data/remote/XAiApi.kt:262:5 This annotation is currently applied to the value parameter only, but in the future it will also be applied to property.
- To opt in to applying to both value parameter and property, add '-Xannotation-default-target=param-property' to your compiler arguments.
- To keep applying to the value parameter only, use the '@param:' annotation target.

See https://youtrack.jetbrains.com/issue/KT-73255 for more details.
w: file:///C:/Users/bhara/Downloads/Code/curio/app/src/main/java/com/example/data/remote/XAiApi.kt:263:5 This annotation is currently applied to the value parameter only, but in the future it will also be applied to property.
- To opt in to applying to both value parameter and property, add '-Xannotation-default-target=param-property' to your compiler arguments.
- To keep applying to the value parameter only, use the '@param:' annotation target.

See https://youtrack.jetbrains.com/issue/KT-73255 for more details.
w: file:///C:/Users/bhara/Downloads/Code/curio/app/src/main/java/com/example/data/remote/XAiApi.kt:272:5 This annotation is currently applied to the value parameter only, but in the future it will also be applied to property.
- To opt in to applying to both value parameter and property, add '-Xannotation-default-target=param-property' to your compiler arguments.
- To keep applying to the value parameter only, use the '@param:' annotation target.

See https://youtrack.jetbrains.com/issue/KT-73255 for more details.
w: file:///C:/Users/bhara/Downloads/Code/curio/app/src/main/java/com/example/data/remote/XAiApi.kt:273:5 This annotation is currently applied to the value parameter only, but in the future it will also be applied to property.
- To opt in to applying to both value parameter and property, add '-Xannotation-default-target=param-property' to your compiler arguments.
- To keep applying to the value parameter only, use the '@param:' annotation target.

See https://youtrack.jetbrains.com/issue/KT-73255 for more details.
w: file:///C:/Users/bhara/Downloads/Code/curio/app/src/main/java/com/example/data/remote/XAiApi.kt:278:5 This annotation is currently applied to the value parameter only, but in the future it will also be applied to property.
- To opt in to applying to both value parameter and property, add '-Xannotation-default-target=param-property' to your compiler arguments.
- To keep applying to the value parameter only, use the '@param:' annotation target.

See https://youtrack.jetbrains.com/issue/KT-73255 for more details.
w: file:///C:/Users/bhara/Downloads/Code/curio/app/src/main/java/com/example/data/remote/XAiApi.kt:279:5 This annotation is currently applied to the value parameter only, but in the future it will also be applied to property.
- To opt in to applying to both value parameter and property, add '-Xannotation-default-target=param-property' to your compiler arguments.
- To keep applying to the value parameter only, use the '@param:' annotation target.

See https://youtrack.jetbrains.com/issue/KT-73255 for more details.
w: file:///C:/Users/bhara/Downloads/Code/curio/app/src/main/java/com/example/data/remote/XAiApi.kt:284:5 This annotation is currently applied to the value parameter only, but in the future it will also be applied to property.
- To opt in to applying to both value parameter and property, add '-Xannotation-default-target=param-property' to your compiler arguments.
- To keep applying to the value parameter only, use the '@param:' annotation target.

See https://youtrack.jetbrains.com/issue/KT-73255 for more details.
w: file:///C:/Users/bhara/Downloads/Code/curio/app/src/main/java/com/example/data/remote/XAiApi.kt:293:5 This annotation is currently applied to the value parameter only, but in the future it will also be applied to property.
- To opt in to applying to both value parameter and property, add '-Xannotation-default-target=param-property' to your compiler arguments.
- To keep applying to the value parameter only, use the '@param:' annotation target.

See https://youtrack.jetbrains.com/issue/KT-73255 for more details.
w: file:///C:/Users/bhara/Downloads/Code/curio/app/src/main/java/com/example/data/remote/XAiApi.kt:294:5 This annotation is currently applied to the value parameter only, but in the future it will also be applied to property.
- To opt in to applying to both value parameter and property, add '-Xannotation-default-target=param-property' to your compiler arguments.
- To keep applying to the value parameter only, use the '@param:' annotation target.

See https://youtrack.jetbrains.com/issue/KT-73255 for more details.
w: file:///C:/Users/bhara/Downloads/Code/curio/app/src/main/java/com/example/data/remote/XAiApi.kt:295:5 This annotation is currently applied to the value parameter only, but in the future it will also be applied to property.
- To opt in to applying to both value parameter and property, add '-Xannotation-default-target=param-property' to your compiler arguments.
- To keep applying to the value parameter only, use the '@param:' annotation target.

See https://youtrack.jetbrains.com/issue/KT-73255 for more details.
w: file:///C:/Users/bhara/Downloads/Code/curio/app/src/main/java/com/example/data/remote/XAiApi.kt:296:5 This annotation is currently applied to the value parameter only, but in the future it will also be applied to property.
- To opt in to applying to both value parameter and property, add '-Xannotation-default-target=param-property' to your compiler arguments.
- To keep applying to the value parameter only, use the '@param:' annotation target.

See https://youtrack.jetbrains.com/issue/KT-73255 for more details.
w: file:///C:/Users/bhara/Downloads/Code/curio/app/src/main/java/com/example/data/remote/XAiApi.kt:297:5 This annotation is currently applied to the value parameter only, but in the future it will also be applied to property.
- To opt in to applying to both value parameter and property, add '-Xannotation-default-target=param-property' to your compiler arguments.
- To keep applying to the value parameter only, use the '@param:' annotation target.

See https://youtrack.jetbrains.com/issue/KT-73255 for more details.
w: file:///C:/Users/bhara/Downloads/Code/curio/app/src/main/java/com/example/data/remote/XAiApi.kt:298:5 This annotation is currently applied to the value parameter only, but in the future it will also be applied to property.
- To opt in to applying to both value parameter and property, add '-Xannotation-default-target=param-property' to your compiler arguments.
- To keep applying to the value parameter only, use the '@param:' annotation target.

See https://youtrack.jetbrains.com/issue/KT-73255 for more details.
w: file:///C:/Users/bhara/Downloads/Code/curio/app/src/main/java/com/example/data/remote/XAiApi.kt:303:5 This annotation is currently applied to the value parameter only, but in the future it will also be applied to property.
- To opt in to applying to both value parameter and property, add '-Xannotation-default-target=param-property' to your compiler arguments.
- To keep applying to the value parameter only, use the '@param:' annotation target.

See https://youtrack.jetbrains.com/issue/KT-73255 for more details.
w: file:///C:/Users/bhara/Downloads/Code/curio/app/src/main/java/com/example/data/remote/XAiApi.kt:304:5 This annotation is currently applied to the value parameter only, but in the future it will also be applied to property.
- To opt in to applying to both value parameter and property, add '-Xannotation-default-target=param-property' to your compiler arguments.
- To keep applying to the value parameter only, use the '@param:' annotation target.

See https://youtrack.jetbrains.com/issue/KT-73255 for more details.
w: file:///C:/Users/bhara/Downloads/Code/curio/app/src/main/java/com/example/data/remote/XAiApi.kt:305:5 This annotation is currently applied to the value parameter only, but in the future it will also be applied to property.
- To opt in to applying to both value parameter and property, add '-Xannotation-default-target=param-property' to your compiler arguments.
- To keep applying to the value parameter only, use the '@param:' annotation target.

See https://youtrack.jetbrains.com/issue/KT-73255 for more details.
w: file:///C:/Users/bhara/Downloads/Code/curio/app/src/main/java/com/example/data/remote/XAiApi.kt:306:5 This annotation is currently applied to the value parameter only, but in the future it will also be applied to property.
- To opt in to applying to both value parameter and property, add '-Xannotation-default-target=param-property' to your compiler arguments.
- To keep applying to the value parameter only, use the '@param:' annotation target.

See https://youtrack.jetbrains.com/issue/KT-73255 for more details.
w: file:///C:/Users/bhara/Downloads/Code/curio/app/src/main/java/com/example/data/remote/XAiApi.kt:311:5 This annotation is currently applied to the value parameter only, but in the future it will also be applied to property.
- To opt in to applying to both value parameter and property, add '-Xannotation-default-target=param-property' to your compiler arguments.
- To keep applying to the value parameter only, use the '@param:' annotation target.

See https://youtrack.jetbrains.com/issue/KT-73255 for more details.
w: file:///C:/Users/bhara/Downloads/Code/curio/app/src/main/java/com/example/data/remote/XAuthStructures.kt:13:5 This annotation is currently applied to the value parameter only, but in the future it will also be applied to property.
- To opt in to applying to both value parameter and property, add '-Xannotation-default-target=param-property' to your compiler arguments.
- To keep applying to the value parameter only, use the '@param:' annotation target.

See https://youtrack.jetbrains.com/issue/KT-73255 for more details.
w: file:///C:/Users/bhara/Downloads/Code/curio/app/src/main/java/com/example/data/remote/XAuthStructures.kt:14:5 This annotation is currently applied to the value parameter only, but in the future it will also be applied to property.
- To opt in to applying to both value parameter and property, add '-Xannotation-default-target=param-property' to your compiler arguments.
- To keep applying to the value parameter only, use the '@param:' annotation target.

See https://youtrack.jetbrains.com/issue/KT-73255 for more details.
w: file:///C:/Users/bhara/Downloads/Code/curio/app/src/main/java/com/example/data/remote/XAuthStructures.kt:15:5 This annotation is currently applied to the value parameter only, but in the future it will also be applied to property.
- To opt in to applying to both value parameter and property, add '-Xannotation-default-target=param-property' to your compiler arguments.
- To keep applying to the value parameter only, use the '@param:' annotation target.

See https://youtrack.jetbrains.com/issue/KT-73255 for more details.
w: file:///C:/Users/bhara/Downloads/Code/curio/app/src/main/java/com/example/data/remote/XAuthStructures.kt:16:5 This annotation is currently applied to the value parameter only, but in the future it will also be applied to property.
- To opt in to applying to both value parameter and property, add '-Xannotation-default-target=param-property' to your compiler arguments.
- To keep applying to the value parameter only, use the '@param:' annotation target.

See https://youtrack.jetbrains.com/issue/KT-73255 for more details.
w: file:///C:/Users/bhara/Downloads/Code/curio/app/src/main/java/com/example/data/remote/XAuthStructures.kt:21:5 This annotation is currently applied to the value parameter only, but in the future it will also be applied to property.
- To opt in to applying to both value parameter and property, add '-Xannotation-default-target=param-property' to your compiler arguments.
- To keep applying to the value parameter only, use the '@param:' annotation target.

See https://youtrack.jetbrains.com/issue/KT-73255 for more details.
w: file:///C:/Users/bhara/Downloads/Code/curio/app/src/main/java/com/example/data/remote/XAuthStructures.kt:26:5 This annotation is currently applied to the value parameter only, but in the future it will also be applied to property.
- To opt in to applying to both value parameter and property, add '-Xannotation-default-target=param-property' to your compiler arguments.
- To keep applying to the value parameter only, use the '@param:' annotation target.

See https://youtrack.jetbrains.com/issue/KT-73255 for more details.
w: file:///C:/Users/bhara/Downloads/Code/curio/app/src/main/java/com/example/data/remote/XAuthStructures.kt:27:5 This annotation is currently applied to the value parameter only, but in the future it will also be applied to property.
- To opt in to applying to both value parameter and property, add '-Xannotation-default-target=param-property' to your compiler arguments.
- To keep applying to the value parameter only, use the '@param:' annotation target.

See https://youtrack.jetbrains.com/issue/KT-73255 for more details.
w: file:///C:/Users/bhara/Downloads/Code/curio/app/src/main/java/com/example/data/remote/XAuthStructures.kt:28:5 This annotation is currently applied to the value parameter only, but in the future it will also be applied to property.
- To opt in to applying to both value parameter and property, add '-Xannotation-default-target=param-property' to your compiler arguments.
- To keep applying to the value parameter only, use the '@param:' annotation target.

See https://youtrack.jetbrains.com/issue/KT-73255 for more details.
w: file:///C:/Users/bhara/Downloads/Code/curio/app/src/main/java/com/example/data/remote/XBookmarksApi.kt:12:5 This annotation is currently applied to the value parameter only, but in the future it will also be applied to property.
- To opt in to applying to both value parameter and property, add '-Xannotation-default-target=param-property' to your compiler arguments.
- To keep applying to the value parameter only, use the '@param:' annotation target.

See https://youtrack.jetbrains.com/issue/KT-73255 for more details.
w: file:///C:/Users/bhara/Downloads/Code/curio/app/src/main/java/com/example/data/remote/XBookmarksApi.kt:18:5 This annotation is currently applied to the value parameter only, but in the future it will also be applied to property.
- To opt in to applying to both value parameter and property, add '-Xannotation-default-target=param-property' to your compiler arguments.
- To keep applying to the value parameter only, use the '@param:' annotation target.

See https://youtrack.jetbrains.com/issue/KT-73255 for more details.
w: file:///C:/Users/bhara/Downloads/Code/curio/app/src/main/java/com/example/data/remote/XBookmarksApi.kt:24:5 This annotation is currently applied to the value parameter only, but in the future it will also be applied to property.
- To opt in to applying to both value parameter and property, add '-Xannotation-default-target=param-property' to your compiler arguments.
- To keep applying to the value parameter only, use the '@param:' annotation target.

See https://youtrack.jetbrains.com/issue/KT-73255 for more details.
w: file:///C:/Users/bhara/Downloads/Code/curio/app/src/main/java/com/example/data/remote/XBookmarksApi.kt:25:5 This annotation is currently applied to the value parameter only, but in the future it will also be applied to property.
- To opt in to applying to both value parameter and property, add '-Xannotation-default-target=param-property' to your compiler arguments.
- To keep applying to the value parameter only, use the '@param:' annotation target.

See https://youtrack.jetbrains.com/issue/KT-73255 for more details.
w: file:///C:/Users/bhara/Downloads/Code/curio/app/src/main/java/com/example/data/remote/XBookmarksApi.kt:26:5 This annotation is currently applied to the value parameter only, but in the future it will also be applied to property.
- To opt in to applying to both value parameter and property, add '-Xannotation-default-target=param-property' to your compiler arguments.
- To keep applying to the value parameter only, use the '@param:' annotation target.

See https://youtrack.jetbrains.com/issue/KT-73255 for more details.
w: file:///C:/Users/bhara/Downloads/Code/curio/app/src/main/java/com/example/data/remote/XBookmarksApi.kt:31:5 This annotation is currently applied to the value parameter only, but in the future it will also be applied to property.
- To opt in to applying to both value parameter and property, add '-Xannotation-default-target=param-property' to your compiler arguments.
- To keep applying to the value parameter only, use the '@param:' annotation target.

See https://youtrack.jetbrains.com/issue/KT-73255 for more details.
w: file:///C:/Users/bhara/Downloads/Code/curio/app/src/main/java/com/example/data/remote/XBookmarksApi.kt:36:5 This annotation is currently applied to the value parameter only, but in the future it will also be applied to property.
- To opt in to applying to both value parameter and property, add '-Xannotation-default-target=param-property' to your compiler arguments.
- To keep applying to the value parameter only, use the '@param:' annotation target.

See https://youtrack.jetbrains.com/issue/KT-73255 for more details.
w: file:///C:/Users/bhara/Downloads/Code/curio/app/src/main/java/com/example/data/remote/XBookmarksApi.kt:37:5 This annotation is currently applied to the value parameter only, but in the future it will also be applied to property.
- To opt in to applying to both value parameter and property, add '-Xannotation-default-target=param-property' to your compiler arguments.
- To keep applying to the value parameter only, use the '@param:' annotation target.

See https://youtrack.jetbrains.com/issue/KT-73255 for more details.
w: file:///C:/Users/bhara/Downloads/Code/curio/app/src/main/java/com/example/data/remote/XBookmarksApi.kt:38:5 This annotation is currently applied to the value parameter only, but in the future it will also be applied to property.
- To opt in to applying to both value parameter and property, add '-Xannotation-default-target=param-property' to your compiler arguments.
- To keep applying to the value parameter only, use the '@param:' annotation target.

See https://youtrack.jetbrains.com/issue/KT-73255 for more details.
w: file:///C:/Users/bhara/Downloads/Code/curio/app/src/main/java/com/example/data/remote/XBookmarksApi.kt:39:5 This annotation is currently applied to the value parameter only, but in the future it will also be applied to property.
- To opt in to applying to both value parameter and property, add '-Xannotation-default-target=param-property' to your compiler arguments.
- To keep applying to the value parameter only, use the '@param:' annotation target.

See https://youtrack.jetbrains.com/issue/KT-73255 for more details.
w: file:///C:/Users/bhara/Downloads/Code/curio/app/src/main/java/com/example/data/remote/XBookmarksApi.kt:40:5 This annotation is currently applied to the value parameter only, but in the future it will also be applied to property.
- To opt in to applying to both value parameter and property, add '-Xannotation-default-target=param-property' to your compiler arguments.
- To keep applying to the value parameter only, use the '@param:' annotation target.

See https://youtrack.jetbrains.com/issue/KT-73255 for more details.
w: file:///C:/Users/bhara/Downloads/Code/curio/app/src/main/java/com/example/data/remote/XBookmarksApi.kt:41:5 This annotation is currently applied to the value parameter only, but in the future it will also be applied to property.
- To opt in to applying to both value parameter and property, add '-Xannotation-default-target=param-property' to your compiler arguments.
- To keep applying to the value parameter only, use the '@param:' annotation target.

See https://youtrack.jetbrains.com/issue/KT-73255 for more details.
w: file:///C:/Users/bhara/Downloads/Code/curio/app/src/main/java/com/example/data/remote/XBookmarksApi.kt:42:5 This annotation is currently applied to the value parameter only, but in the future it will also be applied to property.
- To opt in to applying to both value parameter and property, add '-Xannotation-default-target=param-property' to your compiler arguments.
- To keep applying to the value parameter only, use the '@param:' annotation target.

See https://youtrack.jetbrains.com/issue/KT-73255 for more details.
w: file:///C:/Users/bhara/Downloads/Code/curio/app/src/main/java/com/example/data/remote/XBookmarksApi.kt:47:5 This annotation is currently applied to the value parameter only, but in the future it will also be applied to property.
- To opt in to applying to both value parameter and property, add '-Xannotation-default-target=param-property' to your compiler arguments.
- To keep applying to the value parameter only, use the '@param:' annotation target.

See https://youtrack.jetbrains.com/issue/KT-73255 for more details.
w: file:///C:/Users/bhara/Downloads/Code/curio/app/src/main/java/com/example/data/remote/XBookmarksApi.kt:48:5 This annotation is currently applied to the value parameter only, but in the future it will also be applied to property.
- To opt in to applying to both value parameter and property, add '-Xannotation-default-target=param-property' to your compiler arguments.
- To keep applying to the value parameter only, use the '@param:' annotation target.

See https://youtrack.jetbrains.com/issue/KT-73255 for more details.
w: file:///C:/Users/bhara/Downloads/Code/curio/app/src/main/java/com/example/data/remote/XBookmarksApi.kt:49:5 This annotation is currently applied to the value parameter only, but in the future it will also be applied to property.
- To opt in to applying to both value parameter and property, add '-Xannotation-default-target=param-property' to your compiler arguments.
- To keep applying to the value parameter only, use the '@param:' annotation target.

See https://youtrack.jetbrains.com/issue/KT-73255 for more details.
w: file:///C:/Users/bhara/Downloads/Code/curio/app/src/main/java/com/example/data/remote/XBookmarksApi.kt:50:5 This annotation is currently applied to the value parameter only, but in the future it will also be applied to property.
- To opt in to applying to both value parameter and property, add '-Xannotation-default-target=param-property' to your compiler arguments.
- To keep applying to the value parameter only, use the '@param:' annotation target.

See https://youtrack.jetbrains.com/issue/KT-73255 for more details.
w: file:///C:/Users/bhara/Downloads/Code/curio/app/src/main/java/com/example/data/remote/XBookmarksApi.kt:51:5 This annotation is currently applied to the value parameter only, but in the future it will also be applied to property.
- To opt in to applying to both value parameter and property, add '-Xannotation-default-target=param-property' to your compiler arguments.
- To keep applying to the value parameter only, use the '@param:' annotation target.

See https://youtrack.jetbrains.com/issue/KT-73255 for more details.
w: file:///C:/Users/bhara/Downloads/Code/curio/app/src/main/java/com/example/data/remote/XBookmarksApi.kt:57:5 This annotation is currently applied to the value parameter only, but in the future it will also be applied to property.
- To opt in to applying to both value parameter and property, add '-Xannotation-default-target=param-property' to your compiler arguments.
- To keep applying to the value parameter only, use the '@param:' annotation target.

See https://youtrack.jetbrains.com/issue/KT-73255 for more details.
w: file:///C:/Users/bhara/Downloads/Code/curio/app/src/main/java/com/example/data/remote/XBookmarksApi.kt:58:5 This annotation is currently applied to the value parameter only, but in the future it will also be applied to property.
- To opt in to applying to both value parameter and property, add '-Xannotation-default-target=param-property' to your compiler arguments.
- To keep applying to the value parameter only, use the '@param:' annotation target.

See https://youtrack.jetbrains.com/issue/KT-73255 for more details.
w: file:///C:/Users/bhara/Downloads/Code/curio/app/src/main/java/com/example/data/remote/XBookmarksApi.kt:59:5 This annotation is currently applied to the value parameter only, but in the future it will also be applied to property.
- To opt in to applying to both value parameter and property, add '-Xannotation-default-target=param-property' to your compiler arguments.
- To keep applying to the value parameter only, use the '@param:' annotation target.

See https://youtrack.jetbrains.com/issue/KT-73255 for more details.
w: file:///C:/Users/bhara/Downloads/Code/curio/app/src/main/java/com/example/data/remote/XBookmarksApi.kt:64:5 This annotation is currently applied to the value parameter only, but in the future it will also be applied to property.
- To opt in to applying to both value parameter and property, add '-Xannotation-default-target=param-property' to your compiler arguments.
- To keep applying to the value parameter only, use the '@param:' annotation target.

See https://youtrack.jetbrains.com/issue/KT-73255 for more details.
w: file:///C:/Users/bhara/Downloads/Code/curio/app/src/main/java/com/example/data/remote/XBookmarksApi.kt:65:5 This annotation is currently applied to the value parameter only, but in the future it will also be applied to property.
- To opt in to applying to both value parameter and property, add '-Xannotation-default-target=param-property' to your compiler arguments.
- To keep applying to the value parameter only, use the '@param:' annotation target.

See https://youtrack.jetbrains.com/issue/KT-73255 for more details.
w: file:///C:/Users/bhara/Downloads/Code/curio/app/src/main/java/com/example/data/remote/XBookmarksApi.kt:70:5 This annotation is currently applied to the value parameter only, but in the future it will also be applied to property.
- To opt in to applying to both value parameter and property, add '-Xannotation-default-target=param-property' to your compiler arguments.
- To keep applying to the value parameter only, use the '@param:' annotation target.

See https://youtrack.jetbrains.com/issue/KT-73255 for more details.
w: file:///C:/Users/bhara/Downloads/Code/curio/app/src/main/java/com/example/data/remote/XBookmarksApi.kt:75:5 This annotation is currently applied to the value parameter only, but in the future it will also be applied to property.
- To opt in to applying to both value parameter and property, add '-Xannotation-default-target=param-property' to your compiler arguments.
- To keep applying to the value parameter only, use the '@param:' annotation target.

See https://youtrack.jetbrains.com/issue/KT-73255 for more details.
w: file:///C:/Users/bhara/Downloads/Code/curio/app/src/main/java/com/example/data/remote/XBookmarksApi.kt:76:5 This annotation is currently applied to the value parameter only, but in the future it will also be applied to property.
- To opt in to applying to both value parameter and property, add '-Xannotation-default-target=param-property' to your compiler arguments.
- To keep applying to the value parameter only, use the '@param:' annotation target.

See https://youtrack.jetbrains.com/issue/KT-73255 for more details.
w: file:///C:/Users/bhara/Downloads/Code/curio/app/src/main/java/com/example/data/remote/XBookmarksApi.kt:77:5 This annotation is currently applied to the value parameter only, but in the future it will also be applied to property.
- To opt in to applying to both value parameter and property, add '-Xannotation-default-target=param-property' to your compiler arguments.
- To keep applying to the value parameter only, use the '@param:' annotation target.

See https://youtrack.jetbrains.com/issue/KT-73255 for more details.
w: file:///C:/Users/bhara/Downloads/Code/curio/app/src/main/java/com/example/di/KoinModules.kt:35:5 'fun <reified T : ViewModel> Module.viewModel(qualifier: Qualifier? = ..., noinline definition: Scope.(ParametersHolder) -> T): KoinDefinition<T>' is deprecated. Moved ViewModel DSL package. Remove old imports and use org.koin.core.module.dsl.*.
w: file:///C:/Users/bhara/Downloads/Code/curio/app/src/main/java/com/example/di/KoinModules.kt:48:5 'fun <reified T : ViewModel> Module.viewModel(qualifier: Qualifier? = ..., noinline definition: Scope.(ParametersHolder) -> T): KoinDefinition<T>' is deprecated. Moved ViewModel DSL package. Remove old imports and use org.koin.core.module.dsl.*.
w: file:///C:/Users/bhara/Downloads/Code/curio/app/src/main/java/com/example/ui/BookmarkViewModel.kt:142:10 This declaration needs opt-in. Its usage should be marked with '@kotlinx.coroutines.ExperimentalCoroutinesApi' or '@OptIn(kotlinx.coroutines.ExperimentalCoroutinesApi::class)'
w: file:///C:/Users/bhara/Downloads/Code/curio/app/src/main/java/com/example/ui/BookmarkViewModel.kt:193:10 This declaration needs opt-in. Its usage should be marked with '@kotlinx.coroutines.ExperimentalCoroutinesApi' or '@OptIn(kotlinx.coroutines.ExperimentalCoroutinesApi::class)'
w: file:///C:/Users/bhara/Downloads/Code/curio/app/src/main/java/com/example/ui/BookmarkViewModel.kt:547:50 Condition is always 'true'.
w: file:///C:/Users/bhara/Downloads/Code/curio/app/src/main/java/com/example/ui/CurioPostCard.kt:496:47 'val Icons.Filled.OpenInNew: ImageVector' is deprecated. Use the AutoMirrored version at Icons.AutoMirrored.Filled.OpenInNew.
w: file:///C:/Users/bhara/Downloads/Code/curio/app/src/main/java/com/example/ui/CurioPostCard.kt:809:55 'val Icons.Filled.OpenInNew: ImageVector' is deprecated. Use the AutoMirrored version at Icons.AutoMirrored.Filled.OpenInNew.
w: file:///C:/Users/bhara/Downloads/Code/curio/app/src/main/java/com/example/ui/CurioSpacesScreen.kt:106:29 'val Icons.Filled.Label: ImageVector' is deprecated. Use the AutoMirrored version at Icons.AutoMirrored.Filled.Label.
w: file:///C:/Users/bhara/Downloads/Code/curio/app/src/main/java/com/example/ui/ReaderViewScreen.kt:217:57 'val Icons.Filled.ArrowBack: ImageVector' is deprecated. Use the AutoMirrored version at Icons.AutoMirrored.Filled.ArrowBack.
w: file:///C:/Users/bhara/Downloads/Code/curio/app/src/main/java/com/example/ui/screens/auth/LoginScreen.kt:181:65 'val Icons.Filled.Login: ImageVector' is deprecated. Use the AutoMirrored version at Icons.AutoMirrored.Filled.Login.

> Task :app:processDebugJavaRes UP-TO-DATE
> Task :app:mergeDebugJavaResource UP-TO-DATE
> Task :app:compileDebugJavaWithJavac UP-TO-DATE
> Task :app:dexBuilderDebug
> Task :app:mergeDebugGlobalSynthetics UP-TO-DATE
> Task :app:mergeProjectDexDebug
> Task :app:packageDebug
> Task :app:createDebugApkListingFileRedirect UP-TO-DATE
> Task :app:installDebug FAILED
40 actionable tasks: 6 executed, 34 up-to-date
Configuration cache entry reused.

FAILURE: Build failed with an exception.

* What went wrong:
Execution failed for task ':app:installDebug' (registered by plugin 'com.android.internal.application').
> com.android.builder.testing.api.DeviceException: No connected devices!

* Try:
> Run with --stacktrace option to get the stack trace.
> Run with --info or --debug option to get more log output.
> Run with --scan to get full insights from a Build Scan (powered by Develocity).
> Get more help at https://help.gradle.org.

BUILD FAILED in 14m 23s
