Calculating task graph as configuration cache cannot be reused because file 'app\build.gradle.kts' has changed.
> Task :app:preBuild UP-TO-DATE
> Task :app:generateDebugAssets UP-TO-DATE
> Task :app:preDebugBuild UP-TO-DATE
> Task :app:generateDebugResources UP-TO-DATE
> Task :app:generateDebugBuildConfig UP-TO-DATE
> Task :app:processDebugNavigationResources UP-TO-DATE
> Task :app:javaPreCompileDebug UP-TO-DATE
> Task :app:mergeDebugAssets UP-TO-DATE
> Task :app:packageDebugResources UP-TO-DATE
> Task :app:compressDebugAssets UP-TO-DATE
> Task :app:desugarDebugFileDependencies UP-TO-DATE
> Task :app:parseDebugLocalResources UP-TO-DATE
> Task :app:generateDebugRFile UP-TO-DATE
> Task :app:mapDebugSourceSetPaths UP-TO-DATE
> Task :app:compileDebugNavigationResources UP-TO-DATE
> Task :app:mergeDebugResources UP-TO-DATE
> Task :app:createDebugCompatibleScreenManifests
> Task :app:extractDeepLinksDebug
> Task :app:checkDebugDuplicateClasses UP-TO-DATE
> Task :app:mergeExtDexDebug UP-TO-DATE
> Task :app:mergeLibDexDebug UP-TO-DATE
> Task :app:checkDebugAarMetadata
> Task :app:validateSigningDebug
> Task :app:writeDebugAppMetadata
> Task :app:writeDebugSigningConfigVersions
> Task :app:mergeDebugJniLibFolders
> Task :app:processDebugMainManifest
> Task :app:processDebugManifest
> Task :app:processDebugManifestForPackage
> Task :app:mergeDebugNativeLibs

> Task :app:stripDebugDebugSymbols
Unable to strip the following libraries, packaging them as they are: libandroidx.graphics.path.so, libdatastore_shared_counter.so, libgecko_embedding_model_jni.so, libsqlite_vector_store_jni.so, libtext_chunker_jni.so. Run with --info option to learn more.

> Task :app:kspDebugKotlin
> Task :app:processDebugResources

> Task :app:compileDebugKotlin FAILED
e: file:///C:/Users/bhara/Downloads/Code/curio/app/build/generated/ksp/debug/kotlin/androidx/appfunctions/service/internal/$AggregatedAppFunctionInvoker_Impl.kt:7:53 Unresolved reference 'AggregatedAppFunctionInvoker'.
e: file:///C:/Users/bhara/Downloads/Code/curio/app/build/generated/ksp/debug/kotlin/androidx/appfunctions/service/internal/$AggregatedAppFunctionInvoker_Impl.kt:8:3 'invokers' overrides nothing.
e: file:///C:/Users/bhara/Downloads/Code/curio/app/build/generated/ksp/debug/kotlin/androidx/appfunctions/service/internal/$AggregatedAppFunctionInvoker_Impl.kt:8:31 Unresolved reference 'AppFunctionInvoker'.
e: file:///C:/Users/bhara/Downloads/Code/curio/app/build/generated/ksp/debug/kotlin/androidx/appfunctions/service/internal/$AggregatedAppFunctionInvoker_Impl.kt:8:53 Cannot infer type for this parameter. Specify it explicitly.
e: file:///C:/Users/bhara/Downloads/Code/curio/app/src/main/java/com/example/CurioApplication.kt:4:30 Unresolved reference 'AppFunctionConfiguration'.
e: file:///C:/Users/bhara/Downloads/Code/curio/app/src/main/java/com/example/CurioApplication.kt:13:41 Unresolved reference 'AppFunctionConfiguration'.
e: file:///C:/Users/bhara/Downloads/Code/curio/app/src/main/java/com/example/CurioApplication.kt:26:5 'appFunctionConfiguration' overrides nothing.
e: file:///C:/Users/bhara/Downloads/Code/curio/app/src/main/java/com/example/CurioApplication.kt:26:44 Unresolved reference 'AppFunctionConfiguration'.
e: file:///C:/Users/bhara/Downloads/Code/curio/app/src/main/java/com/example/CurioApplication.kt:27:17 Unresolved reference 'AppFunctionConfiguration'.
e: file:///C:/Users/bhara/Downloads/Code/curio/app/src/main/java/com/example/appfunctions/CurioFunctions.kt:3:30 Unresolved reference 'AppFunction'.
e: file:///C:/Users/bhara/Downloads/Code/curio/app/src/main/java/com/example/appfunctions/CurioFunctions.kt:104:6 Unresolved reference 'AppFunction'.
e: file:///C:/Users/bhara/Downloads/Code/curio/app/src/main/java/com/example/appfunctions/CurioFunctions.kt:136:6 Unresolved reference 'AppFunction'.
e: file:///C:/Users/bhara/Downloads/Code/curio/app/src/main/java/com/example/appfunctions/CurioFunctions.kt:158:6 Unresolved reference 'AppFunction'.
e: file:///C:/Users/bhara/Downloads/Code/curio/app/src/main/java/com/example/appfunctions/CurioFunctions.kt:176:6 Unresolved reference 'AppFunction'.
e: file:///C:/Users/bhara/Downloads/Code/curio/app/src/main/java/com/example/appfunctions/CurioFunctions.kt:197:6 Unresolved reference 'AppFunction'.
e: file:///C:/Users/bhara/Downloads/Code/curio/app/src/main/java/com/example/appfunctions/CurioFunctions.kt:219:6 Unresolved reference 'AppFunction'.

> Task :app:processDebugResources FAILED
w: Detected multiple Kotlin daemon sessions at 

FAILURE: Build completed with 2 failures.

1: Task failed with an exception.
-----------
* What went wrong:
Execution failed for task ':app:compileDebugKotlin' (registered by plugin 'com.android.internal.application').
> A failure occurred while executing org.jetbrains.kotlin.compilerRunner.GradleCompilerRunnerWithWorkers$GradleKotlinCompilerWorkAction
   > Compilation error. See log for more details

* Try:
> Run with --stacktrace option to get the stack trace.
> Run with --info or --debug option to get more log output.
> Run with --scan to get full insights from a Build Scan (powered by Develocity).
> Get more help at https://help.gradle.org.
==============================================================================

2: Task failed with an exception.
-----------
* What went wrong:
Execution failed for task ':app:processDebugResources' (registered by plugin 'com.android.internal.application').
> A failure occurred while executing com.android.build.gradle.internal.res.LinkApplicationAndroidResourcesTask$TaskAction
   > Android resource linking failed
     ERROR: C:\Users\bhara\Downloads\Code\curio\app\src\main\AndroidManifest.xml:53:9-65:19: AAPT: error: resource bool/enablePlatformAppFunctionService (aka com.Curio.VBCR:bool/enablePlatformAppFunctionService) not found.
         
     ERROR: C:\Users\bhara\Downloads\Code\curio\app\src\main\AndroidManifest.xml:70:9-81:19: AAPT: error: resource bool/enableExtensionAppFunctionService (aka com.Curio.VBCR:bool/enableExtensionAppFunctionService) not found.
         

* Try:
> Run with --stacktrace option to get the stack trace.
> Run with --info or --debug option to get more log output.
> Run with --scan to get full insights from a Build Scan (powered by Develocity).
> Get more help at https://help.gradle.org.
==============================================================================

BUILD FAILED in 1m 12s
31 actionable tasks: 15 executed, 16 up-to-date
Configuration cache entry stored.
