Calculating task graph as configuration cache cannot be reused because file 'gradle\libs.versions.toml' has changed.
> Task :app:preBuild UP-TO-DATE
> Task :app:generateDebugAssets UP-TO-DATE
> Task :app:preDebugBuild UP-TO-DATE
> Task :app:generateDebugBuildConfig UP-TO-DATE
> Task :app:generateDebugResources UP-TO-DATE
> Task :app:packageDebugResources UP-TO-DATE
> Task :app:javaPreCompileDebug
> Task :app:desugarDebugFileDependencies
> Task :app:kspDebugKotlin UP-TO-DATE
> Task :app:mapDebugSourceSetPaths
> Task :app:processDebugNavigationResources UP-TO-DATE
> Task :app:parseDebugLocalResources UP-TO-DATE
> Task :app:generateDebugRFile UP-TO-DATE
> Task :app:mergeDebugAssets
> Task :app:compressDebugAssets
> Task :app:checkDebugAarMetadata
> Task :app:createDebugCompatibleScreenManifests
> Task :app:extractDeepLinksDebug
> Task :app:compileDebugNavigationResources
> Task :app:compileDebugKotlin UP-TO-DATE
> Task :app:processDebugMainManifest
> Task :app:processDebugManifest
> Task :app:processDebugManifestForPackage
> Task :app:processDebugJavaRes
> Task :app:mergeDebugResources
> Task :app:checkDebugDuplicateClasses
> Task :app:mergeDebugJavaResource
> Task :app:mergeLibDexDebug
> Task :app:mergeDebugJniLibFolders
> Task :app:mergeDebugNativeLibs

> Task :app:stripDebugDebugSymbols
Unable to strip the following libraries, packaging them as they are: libandroidx.graphics.path.so, libdatastore_shared_counter.so, libgecko_embedding_model_jni.so, libsqlite_vector_store_jni.so, libtext_chunker_jni.so. Run with --info option to learn more.

> Task :app:validateSigningDebug
> Task :app:writeDebugAppMetadata
> Task :app:writeDebugSigningConfigVersions
> Task :app:compileDebugJavaWithJavac
> Task :app:processDebugResources
> Task :app:mergeExtDexDebug
> Task :app:compileDebugJavaWithJavac FAILED

FAILURE: Build failed with an exception.

* What went wrong:
Execution failed for task ':app:compileDebugJavaWithJavac' (registered by plugin 'com.android.internal.application').
> Failed to run Gradle Worker Daemon
   > Unable to connect to the child process 'Gradle Worker Daemon 1'.
     It is likely that the child process have crashed - please find the stack trace in the build log.
     This exception might occur when the build machine is extremely loaded.
     The connection attempt hit a timeout after 120.0 seconds (last known process state: STARTED, running: true).

* Try:
> Run with --stacktrace option to get the stack trace.
> Run with --info or --debug option to get more log output.
> Run with --scan to get full insights from a Build Scan (powered by Develocity).
> Get more help at https://help.gradle.org.

34 actionable tasks: 26 executed, 8 up-to-date
BUILD FAILED in 2m 46s
Configuration cache entry stored.
